// Jest Snapshot v1, https://goo.gl/fbAQLP

exports[`test PriceList component match snapshot 1`] = `ShallowWrapper {}`;
